2026-07-30 01:21:04.761 [main] INFO  org.tco.safepay.SafepayApplication - Starting SafepayApplication using Java 22.0.2 with PID 1780 (C:\Users\Administrator\IdeaProjects\xian-TheChosenOne-PaymentProcessing\target\classes started by Administrator in C:\Users\Administrator\IdeaProjects\xian-TheChosenOne-PaymentProcessing)
2026-07-30 01:21:04.774 [main] DEBUG org.tco.safepay.SafepayApplication - Running with Spring Boot v4.1.0, Spring v7.0.8
2026-07-30 01:21:04.777 [main] INFO  org.tco.safepay.SafepayApplication - No active profile set, falling back to 1 default profile: "default"
2026-07-30 01:21:06.092 [background-preinit] INFO  o.h.validator.internal.util.Version - HV000001: Hibernate Validator 9.1.0.Final
2026-07-30 01:21:09.917 [main] INFO  o.s.boot.tomcat.TomcatWebServer - Tomcat initialized with port 8080 (http)
2026-07-30 01:21:09.964 [main] INFO  o.a.coyote.http11.Http11NioProtocol - Initializing ProtocolHandler ["http-nio-8080"]
2026-07-30 01:21:09.970 [main] INFO  o.a.catalina.core.StandardService - Starting service [Tomcat]
2026-07-30 01:21:09.973 [main] INFO  o.a.catalina.core.StandardEngine - Starting Servlet engine: [Apache Tomcat/11.0.22]
2026-07-30 01:21:10.155 [main] INFO  o.s.b.w.c.s.WebApplicationContextInitializer - Root WebApplicationContext: initialization completed in 5086 ms
2026-07-30 01:21:12.161 [main] INFO  o.s.b.w.a.WelcomePageHandlerMapping - Adding welcome page: class path resource [static/index.html]
2026-07-30 01:21:12.929 [main] INFO  o.a.coyote.http11.Http11NioProtocol - Starting ProtocolHandler ["http-nio-8080"]
2026-07-30 01:21:12.981 [main] INFO  o.s.boot.tomcat.TomcatWebServer - Tomcat started on port 8080 (http) with context path '/'
2026-07-30 01:21:12.994 [main] INFO  org.tco.safepay.SafepayApplication - Started SafepayApplication in 10.659 seconds (process running for 12.106)
2026-07-30 01:25:19.702 [main] INFO  org.tco.safepay.SafepayApplication - Starting SafepayApplication using Java 22.0.2 with PID 1520 (C:\Users\Administrator\IdeaProjects\xian-TheChosenOne-PaymentProcessing\target\classes started by Administrator in C:\Users\Administrator\IdeaProjects\xian-TheChosenOne-PaymentProcessing)
2026-07-30 01:25:19.707 [main] DEBUG org.tco.safepay.SafepayApplication - Running with Spring Boot v4.1.0, Spring v7.0.8
2026-07-30 01:25:19.708 [main] INFO  org.tco.safepay.SafepayApplication - No active profile set, falling back to 1 default profile: "default"
2026-07-30 01:25:21.562 [background-preinit] INFO  o.h.validator.internal.util.Version - HV000001: Hibernate Validator 9.1.0.Final
2026-07-30 01:25:25.019 [main] INFO  o.s.boot.tomcat.TomcatWebServer - Tomcat initialized with port 8080 (http)
2026-07-30 01:25:25.043 [main] INFO  o.a.coyote.http11.Http11NioProtocol - Initializing ProtocolHandler ["http-nio-8080"]
2026-07-30 01:25:25.047 [main] INFO  o.a.catalina.core.StandardService - Starting service [Tomcat]
2026-07-30 01:25:25.047 [main] INFO  o.a.catalina.core.StandardEngine - Starting Servlet engine: [Apache Tomcat/11.0.22]
2026-07-30 01:25:25.164 [main] INFO  o.s.b.w.c.s.WebApplicationContextInitializer - Root WebApplicationContext: initialization completed in 5026 ms
2026-07-30 01:25:26.087 [main] INFO  o.s.b.w.a.WelcomePageHandlerMapping - Adding welcome page: class path resource [static/index.html]
2026-07-30 01:25:28.027 [main] INFO  o.a.coyote.http11.Http11NioProtocol - Starting ProtocolHandler ["http-nio-8080"]
2026-07-30 01:25:28.045 [main] WARN  o.s.b.w.s.s.c.AnnotationConfigServletWebServerApplicationContext - Exception encountered during context initialization - cancelling refresh attempt: org.springframework.context.ApplicationContextException: Failed to start bean 'webServerStartStop'
2026-07-30 01:25:28.081 [main] INFO  o.s.b.a.l.ConditionEvaluationReportLogger - 

Error starting ApplicationContext. To display the condition evaluation report re-run your application with 'debug' enabled.
2026-07-30 01:25:28.105 [main] ERROR o.s.b.d.LoggingFailureAnalysisReporter - 

***************************
APPLICATION FAILED TO START
***************************

Description:

Web server failed to start. Port 8080 was already in use.

Action:

Identify and stop the process that's listening on port 8080 or configure this application to listen on another port.

2026-07-30 01:25:38.537 [http-nio-8080-exec-1] INFO  o.a.c.c.C.[Tomcat].[localhost].[/] - Initializing Spring DispatcherServlet 'dispatcherServlet'
2026-07-30 01:25:38.541 [http-nio-8080-exec-1] INFO  o.s.web.servlet.DispatcherServlet - Initializing Servlet 'dispatcherServlet'
2026-07-30 01:25:38.552 [http-nio-8080-exec-1] INFO  o.s.web.servlet.DispatcherServlet - Completed initialization in 10 ms
2026-07-30 01:25:45.234 [http-nio-8080-exec-6] INFO  com.zaxxer.hikari.HikariDataSource - HikariPool-1 - Starting...
2026-07-30 01:25:46.117 [http-nio-8080-exec-6] INFO  com.zaxxer.hikari.pool.HikariPool - HikariPool-1 - Added connection com.mysql.cj.jdbc.ConnectionImpl@7edd3790
2026-07-30 01:25:46.119 [http-nio-8080-exec-6] INFO  com.zaxxer.hikari.HikariDataSource - HikariPool-1 - Start completed.
2026-07-30 01:25:46.137 [http-nio-8080-exec-6] DEBUG o.t.s.mapper.PaymentMapper.selectAll - ==>  Preparing: SELECT id, idempotency_key, source_account, destination_account, amount, currency, reference, status, error_code, error_message, created_at, updated_at FROM payments ORDER BY created_at DESC
2026-07-30 01:25:46.208 [http-nio-8080-exec-6] DEBUG o.t.s.mapper.PaymentMapper.selectAll - ==> Parameters: 
2026-07-30 01:25:46.305 [http-nio-8080-exec-6] DEBUG o.t.s.mapper.PaymentMapper.selectAll - <==      Total: 0
2026-07-30 01:25:56.012 [main] INFO  org.tco.safepay.SafepayApplication - Starting SafepayApplication using Java 22.0.2 with PID 8696 (C:\Users\Administrator\IdeaProjects\xian-TheChosenOne-PaymentProcessing\target\classes started by Administrator in C:\Users\Administrator\IdeaProjects\xian-TheChosenOne-PaymentProcessing)
2026-07-30 01:25:56.018 [main] DEBUG org.tco.safepay.SafepayApplication - Running with Spring Boot v4.1.0, Spring v7.0.8
2026-07-30 01:25:56.019 [main] INFO  org.tco.safepay.SafepayApplication - No active profile set, falling back to 1 default profile: "default"
2026-07-30 01:25:57.078 [background-preinit] INFO  o.h.validator.internal.util.Version - HV000001: Hibernate Validator 9.1.0.Final
2026-07-30 01:25:59.166 [main] INFO  o.s.boot.tomcat.TomcatWebServer - Tomcat initialized with port 8080 (http)
2026-07-30 01:25:59.194 [main] INFO  o.a.coyote.http11.Http11NioProtocol - Initializing ProtocolHandler ["http-nio-8080"]
2026-07-30 01:25:59.198 [main] INFO  o.a.catalina.core.StandardService - Starting service [Tomcat]
2026-07-30 01:25:59.199 [main] INFO  o.a.catalina.core.StandardEngine - Starting Servlet engine: [Apache Tomcat/11.0.22]
2026-07-30 01:25:59.323 [main] INFO  o.s.b.w.c.s.WebApplicationContextInitializer - Root WebApplicationContext: initialization completed in 3062 ms
2026-07-30 01:26:00.383 [main] INFO  o.s.b.w.a.WelcomePageHandlerMapping - Adding welcome page: class path resource [static/index.html]
2026-07-30 01:26:01.189 [main] INFO  o.a.coyote.http11.Http11NioProtocol - Starting ProtocolHandler ["http-nio-8080"]
2026-07-30 01:26:01.199 [main] WARN  o.s.b.w.s.s.c.AnnotationConfigServletWebServerApplicationContext - Exception encountered during context initialization - cancelling refresh attempt: org.springframework.context.ApplicationContextException: Failed to start bean 'webServerStartStop'
2026-07-30 01:26:01.226 [main] INFO  o.s.b.a.l.ConditionEvaluationReportLogger - 

Error starting ApplicationContext. To display the condition evaluation report re-run your application with 'debug' enabled.
2026-07-30 01:26:01.251 [main] ERROR o.s.b.d.LoggingFailureAnalysisReporter - 

***************************
APPLICATION FAILED TO START
***************************

Description:

Web server failed to start. Port 8080 was already in use.

Action:

Identify and stop the process that's listening on port 8080 or configure this application to listen on another port.

2026-07-30 01:26:19.547 [main] INFO  org.tco.safepay.SafepayApplication - Starting SafepayApplication using Java 22.0.2 with PID 5776 (C:\Users\Administrator\IdeaProjects\xian-TheChosenOne-PaymentProcessing\target\classes started by Administrator in C:\Users\Administrator\IdeaProjects\xian-TheChosenOne-PaymentProcessing)
2026-07-30 01:26:19.551 [main] DEBUG org.tco.safepay.SafepayApplication - Running with Spring Boot v4.1.0, Spring v7.0.8
2026-07-30 01:26:19.553 [main] INFO  org.tco.safepay.SafepayApplication - No active profile set, falling back to 1 default profile: "default"
2026-07-30 01:26:20.629 [background-preinit] INFO  o.h.validator.internal.util.Version - HV000001: Hibernate Validator 9.1.0.Final
2026-07-30 01:26:22.351 [main] INFO  o.s.boot.tomcat.TomcatWebServer - Tomcat initialized with port 8080 (http)
2026-07-30 01:26:22.376 [main] INFO  o.a.coyote.http11.Http11NioProtocol - Initializing ProtocolHandler ["http-nio-8080"]
2026-07-30 01:26:22.380 [main] INFO  o.a.catalina.core.StandardService - Starting service [Tomcat]
2026-07-30 01:26:22.381 [main] INFO  o.a.catalina.core.StandardEngine - Starting Servlet engine: [Apache Tomcat/11.0.22]
2026-07-30 01:26:22.501 [main] INFO  o.s.b.w.c.s.WebApplicationContextInitializer - Root WebApplicationContext: initialization completed in 2707 ms
2026-07-30 01:26:23.402 [main] INFO  o.s.b.w.a.WelcomePageHandlerMapping - Adding welcome page: class path resource [static/index.html]
2026-07-30 01:26:24.088 [main] INFO  o.a.coyote.http11.Http11NioProtocol - Starting ProtocolHandler ["http-nio-8080"]
2026-07-30 01:26:24.099 [main] WARN  o.s.b.w.s.s.c.AnnotationConfigServletWebServerApplicationContext - Exception encountered during context initialization - cancelling refresh attempt: org.springframework.context.ApplicationContextException: Failed to start bean 'webServerStartStop'
2026-07-30 01:26:24.130 [main] INFO  o.s.b.a.l.ConditionEvaluationReportLogger - 

Error starting ApplicationContext. To display the condition evaluation report re-run your application with 'debug' enabled.
2026-07-30 01:26:24.158 [main] ERROR o.s.b.d.LoggingFailureAnalysisReporter - 

***************************
APPLICATION FAILED TO START
***************************

Description:

Web server failed to start. Port 8080 was already in use.

Action:

Identify and stop the process that's listening on port 8080 or configure this application to listen on another port.

2026-07-30 01:26:41.900 [main] INFO  org.tco.safepay.SafepayApplication - Starting SafepayApplication using Java 22.0.2 with PID 3588 (C:\Users\Administrator\IdeaProjects\xian-TheChosenOne-PaymentProcessing\target\classes started by Administrator in C:\Users\Administrator\IdeaProjects\xian-TheChosenOne-PaymentProcessing)
2026-07-30 01:26:41.908 [main] DEBUG org.tco.safepay.SafepayApplication - Running with Spring Boot v4.1.0, Spring v7.0.8
2026-07-30 01:26:41.909 [main] INFO  org.tco.safepay.SafepayApplication - No active profile set, falling back to 1 default profile: "default"
2026-07-30 01:26:42.850 [background-preinit] INFO  o.h.validator.internal.util.Version - HV000001: Hibernate Validator 9.1.0.Final
2026-07-30 01:26:44.568 [main] INFO  o.s.boot.tomcat.TomcatWebServer - Tomcat initialized with port 8081 (http)
2026-07-30 01:26:44.593 [main] INFO  o.a.coyote.http11.Http11NioProtocol - Initializing ProtocolHandler ["http-nio-8081"]
2026-07-30 01:26:44.597 [main] INFO  o.a.catalina.core.StandardService - Starting service [Tomcat]
2026-07-30 01:26:44.597 [main] INFO  o.a.catalina.core.StandardEngine - Starting Servlet engine: [Apache Tomcat/11.0.22]
2026-07-30 01:26:44.702 [main] INFO  o.s.b.w.c.s.WebApplicationContextInitializer - Root WebApplicationContext: initialization completed in 2638 ms
2026-07-30 01:26:45.560 [main] INFO  o.s.b.w.a.WelcomePageHandlerMapping - Adding welcome page: class path resource [static/index.html]
2026-07-30 01:26:46.215 [main] INFO  o.a.coyote.http11.Http11NioProtocol - Starting ProtocolHandler ["http-nio-8081"]
2026-07-30 01:26:46.247 [main] INFO  o.s.boot.tomcat.TomcatWebServer - Tomcat started on port 8081 (http) with context path '/'
2026-07-30 01:26:46.261 [main] INFO  org.tco.safepay.SafepayApplication - Started SafepayApplication in 5.652 seconds (process running for 6.587)
2026-07-30 01:27:13.085 [http-nio-8081-exec-1] INFO  o.a.c.c.C.[Tomcat].[localhost].[/] - Initializing Spring DispatcherServlet 'dispatcherServlet'
2026-07-30 01:27:13.086 [http-nio-8081-exec-1] INFO  o.s.web.servlet.DispatcherServlet - Initializing Servlet 'dispatcherServlet'
2026-07-30 01:27:13.089 [http-nio-8081-exec-1] INFO  o.s.web.servlet.DispatcherServlet - Completed initialization in 3 ms
2026-07-30 01:27:13.685 [http-nio-8081-exec-4] INFO  com.zaxxer.hikari.HikariDataSource - HikariPool-1 - Starting...
2026-07-30 01:27:14.787 [http-nio-8081-exec-4] INFO  com.zaxxer.hikari.pool.HikariPool - HikariPool-1 - Added connection com.mysql.cj.jdbc.ConnectionImpl@69786890
2026-07-30 01:27:14.792 [http-nio-8081-exec-4] INFO  com.zaxxer.hikari.HikariDataSource - HikariPool-1 - Start completed.
2026-07-30 01:27:14.809 [http-nio-8081-exec-4] DEBUG o.t.s.mapper.PaymentMapper.selectAll - ==>  Preparing: SELECT id, idempotency_key, source_account, destination_account, amount, currency, reference, status, error_code, error_message, created_at, updated_at FROM payments ORDER BY created_at DESC
2026-07-30 01:27:14.878 [http-nio-8081-exec-4] DEBUG o.t.s.mapper.PaymentMapper.selectAll - ==> Parameters: 
2026-07-30 01:27:14.956 [http-nio-8081-exec-4] DEBUG o.t.s.mapper.PaymentMapper.selectAll - <==      Total: 0
2026-07-30 01:27:24.190 [http-nio-8081-exec-7] DEBUG o.t.s.mapper.PaymentMapper.selectAll - ==>  Preparing: SELECT id, idempotency_key, source_account, destination_account, amount, currency, reference, status, error_code, error_message, created_at, updated_at FROM payments ORDER BY created_at DESC
2026-07-30 01:27:24.191 [http-nio-8081-exec-7] DEBUG o.t.s.mapper.PaymentMapper.selectAll - ==> Parameters: 
2026-07-30 01:27:24.193 [http-nio-8081-exec-7] DEBUG o.t.s.mapper.PaymentMapper.selectAll - <==      Total: 0
2026-07-30 01:42:14.391 [SpringApplicationShutdownHook] INFO  o.s.boot.tomcat.GracefulShutdown - Commencing graceful shutdown. Waiting for active requests to complete
2026-07-30 01:42:14.399 [tomcat-shutdown] INFO  o.s.boot.tomcat.GracefulShutdown - Graceful shutdown complete
2026-07-30 01:42:14.405 [SpringApplicationShutdownHook] INFO  com.zaxxer.hikari.HikariDataSource - HikariPool-1 - Shutdown initiated...
2026-07-30 01:42:14.423 [SpringApplicationShutdownHook] INFO  com.zaxxer.hikari.HikariDataSource - HikariPool-1 - Shutdown completed.
2026-07-30 01:44:54.841 [main] INFO  org.tco.safepay.SafepayApplication - Starting SafepayApplication using Java 22.0.2 with PID 7896 (C:\Users\Administrator\IdeaProjects\xian-TheChosenOne-PaymentProcessing\target\classes started by Administrator in C:\Users\Administrator\IdeaProjects\xian-TheChosenOne-PaymentProcessing)
2026-07-30 01:44:54.845 [main] DEBUG org.tco.safepay.SafepayApplication - Running with Spring Boot v4.1.0, Spring v7.0.8
2026-07-30 01:44:54.847 [main] INFO  org.tco.safepay.SafepayApplication - No active profile set, falling back to 1 default profile: "default"
2026-07-30 01:44:55.989 [background-preinit] INFO  o.h.validator.internal.util.Version - HV000001: Hibernate Validator 9.1.0.Final
2026-07-30 01:44:57.692 [main] INFO  o.s.boot.tomcat.TomcatWebServer - Tomcat initialized with port 8080 (http)
2026-07-30 01:44:57.715 [main] INFO  o.a.coyote.http11.Http11NioProtocol - Initializing ProtocolHandler ["http-nio-8080"]
2026-07-30 01:44:57.718 [main] INFO  o.a.catalina.core.StandardService - Starting service [Tomcat]
2026-07-30 01:44:57.718 [main] INFO  o.a.catalina.core.StandardEngine - Starting Servlet engine: [Apache Tomcat/11.0.22]
2026-07-30 01:44:57.816 [main] INFO  o.s.b.w.c.s.WebApplicationContextInitializer - Root WebApplicationContext: initialization completed in 2609 ms
2026-07-30 01:44:58.626 [main] INFO  o.s.b.w.a.WelcomePageHandlerMapping - Adding welcome page: class path resource [static/index.html]
2026-07-30 01:44:59.267 [main] INFO  o.a.coyote.http11.Http11NioProtocol - Starting ProtocolHandler ["http-nio-8080"]
2026-07-30 01:44:59.278 [main] WARN  o.s.b.w.s.s.c.AnnotationConfigServletWebServerApplicationContext - Exception encountered during context initialization - cancelling refresh attempt: org.springframework.context.ApplicationContextException: Failed to start bean 'webServerStartStop'
2026-07-30 01:44:59.306 [main] INFO  o.s.b.a.l.ConditionEvaluationReportLogger - 

Error starting ApplicationContext. To display the condition evaluation report re-run your application with 'debug' enabled.
2026-07-30 01:44:59.329 [main] ERROR o.s.b.d.LoggingFailureAnalysisReporter - 

***************************
APPLICATION FAILED TO START
***************************

Description:

Web server failed to start. Port 8080 was already in use.

Action:

Identify and stop the process that's listening on port 8080 or configure this application to listen on another port.

2026-07-30 01:51:18.419 [main] INFO  org.tco.safepay.SafepayApplication - Starting SafepayApplication using Java 22.0.2 with PID 7368 (C:\Users\Administrator\IdeaProjects\xian-TheChosenOne-PaymentProcessing\target\classes started by Administrator in C:\Users\Administrator\IdeaProjects\xian-TheChosenOne-PaymentProcessing)
2026-07-30 01:51:18.422 [main] DEBUG org.tco.safepay.SafepayApplication - Running with Spring Boot v4.1.0, Spring v7.0.8
2026-07-30 01:51:18.424 [main] INFO  org.tco.safepay.SafepayApplication - No active profile set, falling back to 1 default profile: "default"
2026-07-30 01:51:19.434 [background-preinit] INFO  o.h.validator.internal.util.Version - HV000001: Hibernate Validator 9.1.0.Final
2026-07-30 01:51:21.287 [main] INFO  o.s.boot.tomcat.TomcatWebServer - Tomcat initialized with port 8080 (http)
2026-07-30 01:51:21.310 [main] INFO  o.a.coyote.http11.Http11NioProtocol - Initializing ProtocolHandler ["http-nio-8080"]
2026-07-30 01:51:21.314 [main] INFO  o.a.catalina.core.StandardService - Starting service [Tomcat]
2026-07-30 01:51:21.315 [main] INFO  o.a.catalina.core.StandardEngine - Starting Servlet engine: [Apache Tomcat/11.0.22]
2026-07-30 01:51:21.430 [main] INFO  o.s.b.w.c.s.WebApplicationContextInitializer - Root WebApplicationContext: initialization completed in 2907 ms
2026-07-30 01:51:22.478 [main] INFO  o.s.b.w.a.WelcomePageHandlerMapping - Adding welcome page: class path resource [static/index.html]
2026-07-30 01:51:23.115 [main] INFO  o.a.coyote.http11.Http11NioProtocol - Starting ProtocolHandler ["http-nio-8080"]
2026-07-30 01:51:23.125 [main] WARN  o.s.b.w.s.s.c.AnnotationConfigServletWebServerApplicationContext - Exception encountered during context initialization - cancelling refresh attempt: org.springframework.context.ApplicationContextException: Failed to start bean 'webServerStartStop'
2026-07-30 01:51:23.158 [main] INFO  o.s.b.a.l.ConditionEvaluationReportLogger - 

Error starting ApplicationContext. To display the condition evaluation report re-run your application with 'debug' enabled.
2026-07-30 01:51:23.186 [main] ERROR o.s.b.d.LoggingFailureAnalysisReporter - 

***************************
APPLICATION FAILED TO START
***************************

Description:

Web server failed to start. Port 8080 was already in use.

Action:

Identify and stop the process that's listening on port 8080 or configure this application to listen on another port.

2026-07-30 01:51:38.051 [main] INFO  org.tco.safepay.SafepayApplication - Starting SafepayApplication using Java 22.0.2 with PID 8228 (C:\Users\Administrator\IdeaProjects\xian-TheChosenOne-PaymentProcessing\target\classes started by Administrator in C:\Users\Administrator\IdeaProjects\xian-TheChosenOne-PaymentProcessing)
2026-07-30 01:51:38.055 [main] DEBUG org.tco.safepay.SafepayApplication - Running with Spring Boot v4.1.0, Spring v7.0.8
2026-07-30 01:51:38.056 [main] INFO  org.tco.safepay.SafepayApplication - No active profile set, falling back to 1 default profile: "default"
2026-07-30 01:51:38.980 [background-preinit] INFO  o.h.validator.internal.util.Version - HV000001: Hibernate Validator 9.1.0.Final
2026-07-30 01:51:40.804 [main] INFO  o.s.boot.tomcat.TomcatWebServer - Tomcat initialized with port 8081 (http)
2026-07-30 01:51:40.838 [main] INFO  o.a.coyote.http11.Http11NioProtocol - Initializing ProtocolHandler ["http-nio-8081"]
2026-07-30 01:51:40.842 [main] INFO  o.a.catalina.core.StandardService - Starting service [Tomcat]
2026-07-30 01:51:40.843 [main] INFO  o.a.catalina.core.StandardEngine - Starting Servlet engine: [Apache Tomcat/11.0.22]
2026-07-30 01:51:40.972 [main] INFO  o.s.b.w.c.s.WebApplicationContextInitializer - Root WebApplicationContext: initialization completed in 2792 ms
2026-07-30 01:51:41.956 [main] INFO  o.s.b.w.a.WelcomePageHandlerMapping - Adding welcome page: class path resource [static/index.html]
2026-07-30 01:51:42.679 [main] INFO  o.a.coyote.http11.Http11NioProtocol - Starting ProtocolHandler ["http-nio-8081"]
2026-07-30 01:51:42.713 [main] INFO  o.s.boot.tomcat.TomcatWebServer - Tomcat started on port 8081 (http) with context path '/'
2026-07-30 01:51:42.727 [main] INFO  org.tco.safepay.SafepayApplication - Started SafepayApplication in 5.977 seconds (process running for 6.888)
2026-07-30 01:51:57.450 [http-nio-8081-exec-1] INFO  o.a.c.c.C.[Tomcat].[localhost].[/] - Initializing Spring DispatcherServlet 'dispatcherServlet'
2026-07-30 01:51:57.451 [http-nio-8081-exec-1] INFO  o.s.web.servlet.DispatcherServlet - Initializing Servlet 'dispatcherServlet'
2026-07-30 01:51:57.453 [http-nio-8081-exec-1] INFO  o.s.web.servlet.DispatcherServlet - Completed initialization in 2 ms
2026-07-30 01:51:57.724 [http-nio-8081-exec-2] INFO  com.zaxxer.hikari.HikariDataSource - HikariPool-1 - Starting...
2026-07-30 01:51:58.465 [http-nio-8081-exec-2] INFO  com.zaxxer.hikari.pool.HikariPool - HikariPool-1 - Added connection com.mysql.cj.jdbc.ConnectionImpl@63e3c594
2026-07-30 01:51:58.469 [http-nio-8081-exec-2] INFO  com.zaxxer.hikari.HikariDataSource - HikariPool-1 - Start completed.
2026-07-30 01:51:58.487 [http-nio-8081-exec-2] DEBUG o.t.s.mapper.PaymentMapper.selectAll - ==>  Preparing: SELECT id, idempotency_key, source_account, destination_account, amount, currency, reference, status, error_code, error_message, created_at, updated_at FROM payments ORDER BY created_at DESC
2026-07-30 01:51:58.535 [http-nio-8081-exec-2] DEBUG o.t.s.mapper.PaymentMapper.selectAll - ==> Parameters: 
2026-07-30 01:51:58.589 [http-nio-8081-exec-2] DEBUG o.t.s.mapper.PaymentMapper.selectAll - <==      Total: 0
2026-07-30 01:52:06.182 [http-nio-8081-exec-4] DEBUG o.t.s.m.P.selectByIdempotencyKey - ==>  Preparing: SELECT id, idempotency_key, source_account, destination_account, amount, currency, reference, status, error_code, error_message, created_at, updated_at FROM payments WHERE idempotency_key = ?
2026-07-30 01:52:06.185 [http-nio-8081-exec-4] DEBUG o.t.s.m.P.selectByIdempotencyKey - ==> Parameters: order-1785376324339(String)
2026-07-30 01:52:06.193 [http-nio-8081-exec-4] DEBUG o.t.s.m.P.selectByIdempotencyKey - <==      Total: 0
2026-07-30 01:52:06.197 [http-nio-8081-exec-4] DEBUG o.t.s.mapper.PaymentMapper.insert - ==>  Preparing: INSERT INTO payments ( id, idempotency_key, source_account, destination_account, amount, currency, reference, status, error_code, error_message, created_at, updated_at ) VALUES ( ?, ?, ?, ?, ?, ?, ?, ?, ?, ?, ?, ? )
2026-07-30 01:52:06.205 [http-nio-8081-exec-4] DEBUG o.t.s.mapper.PaymentMapper.insert - ==> Parameters: 975226c6-233b-4fec-b560-302b4bd700be(String), order-1785376324339(String), ACC1111(String), ACC1112(String), 1000(BigDecimal), USD(String), null, CREATED(String), null, null, 2026-07-30T01:52:06.194527600(LocalDateTime), 2026-07-30T01:52:06.194527600(LocalDateTime)
2026-07-30 01:52:06.219 [http-nio-8081-exec-4] DEBUG o.t.s.mapper.PaymentMapper.insert - <==    Updates: 1
2026-07-30 01:52:06.219 [http-nio-8081-exec-4] DEBUG o.t.s.m.PaymentHistoryMapper.insert - ==>  Preparing: INSERT INTO payment_history ( id, payment_id, from_status, to_status, note, error_code, created_at ) VALUES ( ?, ?, ?, ?, ?, ?, ? )
2026-07-30 01:52:06.221 [http-nio-8081-exec-4] DEBUG o.t.s.m.PaymentHistoryMapper.insert - ==> Parameters: 72b90cd1-45e6-4b52-954a-fb1fe459abfc(String), 975226c6-233b-4fec-b560-302b4bd700be(String), null, CREATED(String), null, null, 2026-07-30T01:52:06.219675300(LocalDateTime)
2026-07-30 01:52:06.229 [http-nio-8081-exec-4] DEBUG o.t.s.m.PaymentHistoryMapper.insert - <==    Updates: 1
2026-07-30 01:52:07.336 [http-nio-8081-exec-4] DEBUG o.t.s.m.A.selectByAccountNo - ==>  Preparing: SELECT account_no, balance, updated_at FROM accounts WHERE account_no = ?
2026-07-30 01:52:07.337 [http-nio-8081-exec-4] DEBUG o.t.s.m.A.selectByAccountNo - ==> Parameters: ACC1111(String)
2026-07-30 01:52:07.344 [http-nio-8081-exec-4] DEBUG o.t.s.m.A.selectByAccountNo - <==      Total: 0
2026-07-30 01:52:07.345 [http-nio-8081-exec-4] DEBUG o.t.s.m.PaymentMapper.updateStatus - ==>  Preparing: UPDATE payments SET status = ?, error_code = ?, error_message = ?, updated_at = NOW() WHERE id = ?
2026-07-30 01:52:07.346 [http-nio-8081-exec-4] DEBUG o.t.s.m.PaymentMapper.updateStatus - ==> Parameters: FAILED(String), INVALID_ACCOUNT(String), Account number is invalid or doesn't exist(String), 975226c6-233b-4fec-b560-302b4bd700be(String)
2026-07-30 01:52:07.353 [http-nio-8081-exec-4] DEBUG o.t.s.m.PaymentMapper.updateStatus - <==    Updates: 1
2026-07-30 01:52:07.353 [http-nio-8081-exec-4] DEBUG o.t.s.m.PaymentHistoryMapper.insert - ==>  Preparing: INSERT INTO payment_history ( id, payment_id, from_status, to_status, note, error_code, created_at ) VALUES ( ?, ?, ?, ?, ?, ?, ? )
2026-07-30 01:52:07.354 [http-nio-8081-exec-4] DEBUG o.t.s.m.PaymentHistoryMapper.insert - ==> Parameters: 002d0fa3-c8b0-40c7-a92e-219d6efac76f(String), 975226c6-233b-4fec-b560-302b4bd700be(String), CREATED(String), FAILED(String), Source account not found(String), INVALID_ACCOUNT(String), 2026-07-30T01:52:07.353896600(LocalDateTime)
2026-07-30 01:52:07.357 [http-nio-8081-exec-4] DEBUG o.t.s.m.PaymentHistoryMapper.insert - <==    Updates: 1
2026-07-30 01:52:07.381 [http-nio-8081-exec-5] DEBUG o.t.s.mapper.PaymentMapper.selectAll - ==>  Preparing: SELECT id, idempotency_key, source_account, destination_account, amount, currency, reference, status, error_code, error_message, created_at, updated_at FROM payments ORDER BY created_at DESC
2026-07-30 01:52:07.382 [http-nio-8081-exec-5] DEBUG o.t.s.mapper.PaymentMapper.selectAll - ==> Parameters: 
2026-07-30 01:52:07.394 [http-nio-8081-exec-5] DEBUG o.t.s.mapper.PaymentMapper.selectAll - <==      Total: 1
2026-07-30 02:11:01.221 [SpringApplicationShutdownHook] INFO  o.s.boot.tomcat.GracefulShutdown - Commencing graceful shutdown. Waiting for active requests to complete
2026-07-30 02:11:01.226 [tomcat-shutdown] INFO  o.s.boot.tomcat.GracefulShutdown - Graceful shutdown complete
2026-07-30 02:11:01.231 [SpringApplicationShutdownHook] INFO  com.zaxxer.hikari.HikariDataSource - HikariPool-1 - Shutdown initiated...
2026-07-30 02:11:01.242 [SpringApplicationShutdownHook] INFO  com.zaxxer.hikari.HikariDataSource - HikariPool-1 - Shutdown completed.
2026-07-30 02:47:23.238 [main] INFO  o.t.safepay.SafepayApplicationTests - Starting SafepayApplicationTests using Java 17.0.14 with PID 5832 (started by Administrator in C:\Users\Administrator\IdeaProjects\xian-TheChosenOne-PaymentProcessing)
2026-07-30 02:47:23.242 [main] DEBUG o.t.safepay.SafepayApplicationTests - Running with Spring Boot v4.1.0, Spring v7.0.8
2026-07-30 02:47:23.243 [main] INFO  o.t.safepay.SafepayApplicationTests - No active profile set, falling back to 1 default profile: "default"
2026-07-30 02:47:24.327 [background-preinit] INFO  o.h.validator.internal.util.Version - HV000001: Hibernate Validator 9.1.0.Final
2026-07-30 02:47:26.785 [main] INFO  o.s.b.w.a.WelcomePageHandlerMapping - Adding welcome page: class path resource [static/index.html]
2026-07-30 02:47:27.716 [main] INFO  o.t.safepay.SafepayApplicationTests - Started SafepayApplicationTests in 5.543 seconds (process running for 7.988)
2026-07-30 03:49:38.462 [main] INFO  org.tco.safepay.SafepayApplication - Starting SafepayApplication using Java 22.0.2 with PID 10600 (C:\Users\Administrator\Documents\730version\2\xian-TheChosenOne-PaymentProcessing\target\classes started by Administrator in C:\Users\Administrator\Documents\730version\2\xian-TheChosenOne-PaymentProcessing)
2026-07-30 03:49:38.466 [main] DEBUG org.tco.safepay.SafepayApplication - Running with Spring Boot v4.1.0, Spring v7.0.8
2026-07-30 03:49:38.467 [main] INFO  org.tco.safepay.SafepayApplication - No active profile set, falling back to 1 default profile: "default"
2026-07-30 03:49:39.150 [background-preinit] INFO  o.h.validator.internal.util.Version - HV000001: Hibernate Validator 9.1.0.Final
2026-07-30 03:49:40.293 [main] INFO  o.s.boot.tomcat.TomcatWebServer - Tomcat initialized with port 8081 (http)
2026-07-30 03:49:40.312 [main] INFO  o.a.coyote.http11.Http11NioProtocol - Initializing ProtocolHandler ["http-nio-8081"]
2026-07-30 03:49:40.315 [main] INFO  o.a.catalina.core.StandardService - Starting service [Tomcat]
2026-07-30 03:49:40.316 [main] INFO  o.a.catalina.core.StandardEngine - Starting Servlet engine: [Apache Tomcat/11.0.22]
2026-07-30 03:49:40.398 [main] INFO  o.s.b.w.c.s.WebApplicationContextInitializer - Root WebApplicationContext: initialization completed in 1837 ms
2026-07-30 03:49:41.089 [main] INFO  o.s.b.w.a.WelcomePageHandlerMapping - Adding welcome page: class path resource [static/index.html]
2026-07-30 03:49:41.558 [main] INFO  o.a.coyote.http11.Http11NioProtocol - Starting ProtocolHandler ["http-nio-8081"]
2026-07-30 03:49:41.586 [main] INFO  o.s.boot.tomcat.TomcatWebServer - Tomcat started on port 8081 (http) with context path '/'
2026-07-30 03:49:41.594 [main] INFO  org.tco.safepay.SafepayApplication - Started SafepayApplication in 4.219 seconds (process running for 5.069)
2026-07-30 03:51:44.147 [http-nio-8081-exec-1] INFO  o.a.c.c.C.[Tomcat].[localhost].[/] - Initializing Spring DispatcherServlet 'dispatcherServlet'
2026-07-30 03:51:44.147 [http-nio-8081-exec-1] INFO  o.s.web.servlet.DispatcherServlet - Initializing Servlet 'dispatcherServlet'
2026-07-30 03:51:44.150 [http-nio-8081-exec-1] INFO  o.s.web.servlet.DispatcherServlet - Completed initialization in 2 ms
2026-07-30 03:51:44.638 [http-nio-8081-exec-5] INFO  com.zaxxer.hikari.HikariDataSource - HikariPool-1 - Starting...
2026-07-30 03:51:45.109 [http-nio-8081-exec-5] INFO  com.zaxxer.hikari.pool.HikariPool - HikariPool-1 - Added connection com.mysql.cj.jdbc.ConnectionImpl@69eaa9aa
2026-07-30 03:51:45.112 [http-nio-8081-exec-5] INFO  com.zaxxer.hikari.HikariDataSource - HikariPool-1 - Start completed.
2026-07-30 03:51:45.124 [http-nio-8081-exec-5] DEBUG o.t.s.mapper.PaymentMapper.selectAll - ==>  Preparing: SELECT id, idempotency_key, source_account, destination_account, amount, currency, reference, status, error_code, error_message, created_at, updated_at FROM payments ORDER BY created_at DESC
2026-07-30 03:51:45.156 [http-nio-8081-exec-5] DEBUG o.t.s.mapper.PaymentMapper.selectAll - ==> Parameters: 
2026-07-30 03:51:45.197 [http-nio-8081-exec-5] DEBUG o.t.s.mapper.PaymentMapper.selectAll - <==      Total: 36
2026-07-30 03:54:57.414 [SpringApplicationShutdownHook] INFO  o.s.boot.tomcat.GracefulShutdown - Commencing graceful shutdown. Waiting for active requests to complete
2026-07-30 03:54:57.419 [tomcat-shutdown] INFO  o.s.boot.tomcat.GracefulShutdown - Graceful shutdown complete
2026-07-30 03:54:57.433 [SpringApplicationShutdownHook] INFO  com.zaxxer.hikari.HikariDataSource - HikariPool-1 - Shutdown initiated...
2026-07-30 03:54:57.446 [SpringApplicationShutdownHook] INFO  com.zaxxer.hikari.HikariDataSource - HikariPool-1 - Shutdown completed.
2026-07-30 03:55:03.467 [main] INFO  org.tco.safepay.SafepayApplication - Starting SafepayApplication using Java 22.0.2 with PID 11792 (C:\Users\Administrator\Documents\730version\2\xian-TheChosenOne-PaymentProcessing\target\classes started by Administrator in C:\Users\Administrator\Documents\730version\2\xian-TheChosenOne-PaymentProcessing)
2026-07-30 03:55:03.471 [main] DEBUG org.tco.safepay.SafepayApplication - Running with Spring Boot v4.1.0, Spring v7.0.8
2026-07-30 03:55:03.473 [main] INFO  org.tco.safepay.SafepayApplication - No active profile set, falling back to 1 default profile: "default"
2026-07-30 03:55:04.162 [background-preinit] INFO  o.h.validator.internal.util.Version - HV000001: Hibernate Validator 9.1.0.Final
2026-07-30 03:55:05.420 [main] INFO  o.s.boot.tomcat.TomcatWebServer - Tomcat initialized with port 8081 (http)
2026-07-30 03:55:05.438 [main] INFO  o.a.coyote.http11.Http11NioProtocol - Initializing ProtocolHandler ["http-nio-8081"]
2026-07-30 03:55:05.441 [main] INFO  o.a.catalina.core.StandardService - Starting service [Tomcat]
2026-07-30 03:55:05.442 [main] INFO  o.a.catalina.core.StandardEngine - Starting Servlet engine: [Apache Tomcat/11.0.22]
2026-07-30 03:55:05.527 [main] INFO  o.s.b.w.c.s.WebApplicationContextInitializer - Root WebApplicationContext: initialization completed in 1952 ms
2026-07-30 03:55:06.207 [main] INFO  o.s.b.w.a.WelcomePageHandlerMapping - Adding welcome page: class path resource [static/index.html]
2026-07-30 03:55:06.695 [main] INFO  o.a.coyote.http11.Http11NioProtocol - Starting ProtocolHandler ["http-nio-8081"]
2026-07-30 03:55:06.725 [main] INFO  o.s.boot.tomcat.TomcatWebServer - Tomcat started on port 8081 (http) with context path '/'
2026-07-30 03:55:06.734 [main] INFO  org.tco.safepay.SafepayApplication - Started SafepayApplication in 4.424 seconds (process running for 5.21)
2026-07-30 03:55:17.313 [http-nio-8081-exec-1] INFO  o.a.c.c.C.[Tomcat].[localhost].[/] - Initializing Spring DispatcherServlet 'dispatcherServlet'
2026-07-30 03:55:17.313 [http-nio-8081-exec-1] INFO  o.s.web.servlet.DispatcherServlet - Initializing Servlet 'dispatcherServlet'
2026-07-30 03:55:17.315 [http-nio-8081-exec-1] INFO  o.s.web.servlet.DispatcherServlet - Completed initialization in 2 ms
2026-07-30 03:55:17.511 [http-nio-8081-exec-4] INFO  com.zaxxer.hikari.HikariDataSource - HikariPool-1 - Starting...
2026-07-30 03:55:18.027 [http-nio-8081-exec-4] INFO  com.zaxxer.hikari.pool.HikariPool - HikariPool-1 - Added connection com.mysql.cj.jdbc.ConnectionImpl@4fa27bd6
2026-07-30 03:55:18.030 [http-nio-8081-exec-4] INFO  com.zaxxer.hikari.HikariDataSource - HikariPool-1 - Start completed.
2026-07-30 03:55:18.042 [http-nio-8081-exec-4] DEBUG o.t.s.mapper.PaymentMapper.selectAll - ==>  Preparing: SELECT id, idempotency_key, source_account, destination_account, amount, currency, reference, status, error_code, error_message, created_at, updated_at FROM payments ORDER BY created_at DESC
2026-07-30 03:55:18.080 [http-nio-8081-exec-4] DEBUG o.t.s.mapper.PaymentMapper.selectAll - ==> Parameters: 
2026-07-30 03:55:18.133 [http-nio-8081-exec-4] DEBUG o.t.s.mapper.PaymentMapper.selectAll - <==      Total: 36
2026-07-30 03:55:26.682 [http-nio-8081-exec-9] DEBUG o.t.s.mapper.PaymentMapper.selectAll - ==>  Preparing: SELECT id, idempotency_key, source_account, destination_account, amount, currency, reference, status, error_code, error_message, created_at, updated_at FROM payments ORDER BY created_at DESC
2026-07-30 03:55:26.683 [http-nio-8081-exec-9] DEBUG o.t.s.mapper.PaymentMapper.selectAll - ==> Parameters: 
2026-07-30 03:55:26.696 [http-nio-8081-exec-9] DEBUG o.t.s.mapper.PaymentMapper.selectAll - <==      Total: 36
2026-07-30 04:02:27.526 [main] INFO  o.t.safepay.SafepayApplicationTests - Starting SafepayApplicationTests using Java 17.0.14 with PID 9808 (started by Administrator in C:\Users\Administrator\Documents\730version\2\xian-TheChosenOne-PaymentProcessing)
2026-07-30 04:02:27.529 [main] DEBUG o.t.safepay.SafepayApplicationTests - Running with Spring Boot v4.1.0, Spring v7.0.8
2026-07-30 04:02:27.532 [main] INFO  o.t.safepay.SafepayApplicationTests - No active profile set, falling back to 1 default profile: "default"
2026-07-30 04:02:28.708 [background-preinit] INFO  o.h.validator.internal.util.Version - HV000001: Hibernate Validator 9.1.0.Final
2026-07-30 04:02:31.170 [main] INFO  o.s.b.w.a.WelcomePageHandlerMapping - Adding welcome page: class path resource [static/index.html]
2026-07-30 04:02:32.296 [main] INFO  o.t.safepay.SafepayApplicationTests - Started SafepayApplicationTests in 5.763 seconds (process running for 8.171)
2026-07-30 04:02:58.491 [SpringApplicationShutdownHook] INFO  o.s.boot.tomcat.GracefulShutdown - Commencing graceful shutdown. Waiting for active requests to complete
2026-07-30 04:02:58.497 [tomcat-shutdown] INFO  o.s.boot.tomcat.GracefulShutdown - Graceful shutdown complete
2026-07-30 04:02:58.504 [SpringApplicationShutdownHook] INFO  com.zaxxer.hikari.HikariDataSource - HikariPool-1 - Shutdown initiated...
2026-07-30 04:02:58.520 [SpringApplicationShutdownHook] INFO  com.zaxxer.hikari.HikariDataSource - HikariPool-1 - Shutdown completed.
